[preview.colorlib.com/theme/beko/index.html]
[backblue.gif]
[fade.gif]
[index.html]
[preview.colorlib.com/theme/beko/img/favicon.png]
[preview.colorlib.com/theme/beko/css/bootstrap.min.css]
[preview.colorlib.com/theme/beko/css/animate.css]
[preview.colorlib.com/theme/beko/css/owl.carousel.min.css]
[preview.colorlib.com/theme/beko/css/all.css]
[preview.colorlib.com/theme/beko/css/flaticon.css]
[preview.colorlib.com/theme/beko/css/themify-icons.css]
[preview.colorlib.com/theme/beko/css/magnific-popup.css]
[preview.colorlib.com/theme/beko/css/slick.css]
[preview.colorlib.com/theme/beko/css/style.css]
[preview.colorlib.com/theme/beko/index-2.html]
[preview.colorlib.com/theme/beko/img/logo.png]
[preview.colorlib.com/theme/beko/fighter.html]
[preview.colorlib.com/theme/beko/team.html]
[preview.colorlib.com/theme/beko/blog.html]
[preview.colorlib.com/theme/beko/single-blog.html]
[preview.colorlib.com/theme/beko/elements.html]
[preview.colorlib.com/theme/beko/contact.html]
[preview.colorlib.com/theme/beko/img/client_logo/client_logo_1.png]
[preview.colorlib.com/theme/beko/img/client_logo/client_logo_2.png]
[preview.colorlib.com/theme/beko/img/client_logo/client_logo_3.png]
[preview.colorlib.com/theme/beko/img/client_logo/client_logo_4.png]
[preview.colorlib.com/theme/beko/img/client_logo/client_logo_5.png]
[preview.colorlib.com/theme/beko/img/about_img.png]
[preview.colorlib.com/theme/beko/img/live_streams_1.png]
[preview.colorlib.com/theme/beko/img/live_streams_2.png]
[preview.colorlib.com/theme/beko/img/war_logo_1.png]
[preview.colorlib.com/theme/beko/img/war_logo_2.png]
[preview.colorlib.com/theme/beko/img/gallery/gallery_item_1.png]
[preview.colorlib.com/theme/beko/img/gallery/gallery_item_2.png]
[preview.colorlib.com/theme/beko/img/gallery/gallery_item_3.png]
[preview.colorlib.com/theme/beko/img/gallery/gallery_item_5.png]
[preview.colorlib.com/theme/beko/img/gallery/gallery_item_7.png]
[preview.colorlib.com/theme/beko/img/gallery/gallery_item_6.png]
[preview.colorlib.com/theme/beko/img/gallery/gallery_item_4.png]
[preview.colorlib.com/theme/beko/js/jquery-1.12.1.min.js]
[preview.colorlib.com/theme/beko/js/popper.min.js]
[preview.colorlib.com/theme/beko/js/bootstrap.min.js]
[preview.colorlib.com/theme/beko/js/jquery.magnific-popup.js]
[preview.colorlib.com/theme/beko/js/swiper.min.js]
[preview.colorlib.com/theme/beko/js/masonry.pkgd.js]
[preview.colorlib.com/theme/beko/js/owl.carousel.min.js]
[preview.colorlib.com/theme/beko/js/jquery.nice-select.min.js]
[preview.colorlib.com/theme/beko/js/slick.min.js]
[preview.colorlib.com/theme/beko/js/jquery.counterup.min.js]
[preview.colorlib.com/theme/beko/js/waypoints.min.js]
[preview.colorlib.com/theme/beko/js/contact.js]
[preview.colorlib.com/theme/beko/js/jquery.ajaxchimp.min.js]
[preview.colorlib.com/theme/beko/js/jquery.form.js]
[preview.colorlib.com/theme/beko/js/jquery.validate.min.js]
[preview.colorlib.com/theme/beko/js/mail-script.js]
[preview.colorlib.com/theme/beko/js/custom.js]
[preview.colorlib.com/theme/beko/index.html]
[preview.colorlib.com/theme/beko/css/bootstrap.min.css]
[preview.colorlib.com/theme/beko/css/animate.css]
[preview.colorlib.com/theme/beko/css/owl.video.play.png]
[preview.colorlib.com/theme/beko/css/owl.carousel.min.css]
[preview.colorlib.com/theme/beko/webfonts/fa-brands-400.eot]
[preview.colorlib.com/theme/beko/webfonts/fa-brands-400d41d.eot]
[preview.colorlib.com/theme/beko/webfonts/fa-brands-400.woff2]
[preview.colorlib.com/theme/beko/webfonts/fa-brands-400.woff]
[preview.colorlib.com/theme/beko/webfonts/fa-brands-400.ttf]
[preview.colorlib.com/theme/beko/webfonts/fa-brands-400.svg]
[preview.colorlib.com/theme/beko/webfonts/fa-regular-400.eot]
[preview.colorlib.com/theme/beko/webfonts/fa-regular-400d41d.eot]
[preview.colorlib.com/theme/beko/webfonts/fa-regular-400.woff2]
[preview.colorlib.com/theme/beko/webfonts/fa-regular-400.woff]
[preview.colorlib.com/theme/beko/webfonts/fa-regular-400.ttf]
[preview.colorlib.com/theme/beko/webfonts/fa-regular-400.svg]
[preview.colorlib.com/theme/beko/webfonts/fa-solid-900.eot]
[preview.colorlib.com/theme/beko/webfonts/fa-solid-900d41d.eot]
[preview.colorlib.com/theme/beko/webfonts/fa-solid-900.woff2]
[preview.colorlib.com/theme/beko/webfonts/fa-solid-900.woff]
[preview.colorlib.com/theme/beko/webfonts/fa-solid-900.ttf]
[preview.colorlib.com/theme/beko/css/all.css]
[preview.colorlib.com/theme/beko/webfonts/fa-solid-900.svg]
[preview.colorlib.com/theme/beko/fonts/Flaticon.eot]
[preview.colorlib.com/theme/beko/fonts/Flaticond41d.eot]
[preview.colorlib.com/theme/beko/fonts/Flaticon.woff2]
[preview.colorlib.com/theme/beko/fonts/Flaticon.woff]
[preview.colorlib.com/theme/beko/fonts/Flaticon.ttf]
[preview.colorlib.com/theme/beko/fonts/Flaticon.svg]
[preview.colorlib.com/theme/beko/css/Flaticon.svg]
[preview.colorlib.com/theme/beko/css/flaticon.css]
[preview.colorlib.com/theme/beko/fonts/themify9f24.eot]
[preview.colorlib.com/theme/beko/fonts/themifyd41d.eot]
[preview.colorlib.com/theme/beko/fonts/themify9f24.woff]
[preview.colorlib.com/theme/beko/fonts/themify9f24.ttf]
[preview.colorlib.com/theme/beko/css/themify-icons.css]
[preview.colorlib.com/theme/beko/css/magnific-popup.css]
[preview.colorlib.com/theme/beko/css/slick.css]
[preview.colorlib.com/theme/beko/fonts/themify9f24.svg]
[preview.colorlib.com/theme/beko/img/body_bg.png]
[preview.colorlib.com/theme/beko/img/banner_bg.png]
[preview.colorlib.com/theme/beko/img/live_stareams_bg.png]
[preview.colorlib.com/theme/beko/img/Shape_text.png]
[preview.colorlib.com/theme/beko/img/latest_war_img.png]
[preview.colorlib.com/theme/beko/img/latest_war_img_1.png]
[preview.colorlib.com/theme/beko/img/event_bg.png]
[preview.colorlib.com/theme/beko/img/pricing_bg.png]
[preview.colorlib.com/theme/beko/img/elements/primary-check.png]
[preview.colorlib.com/theme/beko/img/elements/success-check.png]
[preview.colorlib.com/theme/beko/img/elements/disabled-check.png]
[preview.colorlib.com/theme/beko/img/elements/primary-radio.png]
[preview.colorlib.com/theme/beko/img/elements/success-radio.png]
[preview.colorlib.com/theme/beko/img/elements/disabled-radio.png]
[preview.colorlib.com/theme/beko/img/breadcrumb.png]
[preview.colorlib.com/theme/beko/css/style.css]
[preview.colorlib.com/theme/beko/index-2.html]
[preview.colorlib.com/theme/beko/fighter.html]
[preview.colorlib.com/theme/beko/team.html]
[preview.colorlib.com/theme/beko/img/blog/single_blog_1.png]
[preview.colorlib.com/theme/beko/img/blog/single_blog_2.png]
[preview.colorlib.com/theme/beko/img/blog/single_blog_3.png]
[preview.colorlib.com/theme/beko/img/blog/single_blog_4.png]
[preview.colorlib.com/theme/beko/img/blog/single_blog_5.png]
[preview.colorlib.com/theme/beko/img/post/post_1.png]
[preview.colorlib.com/theme/beko/img/post/post_2.png]
[preview.colorlib.com/theme/beko/img/post/post_3.png]
[preview.colorlib.com/theme/beko/img/post/post_4.png]
[preview.colorlib.com/theme/beko/img/post/post_5.png]
[preview.colorlib.com/theme/beko/img/post/post_6.png]
[preview.colorlib.com/theme/beko/img/post/post_7.png]
[preview.colorlib.com/theme/beko/img/post/post_8.png]
[preview.colorlib.com/theme/beko/img/post/post_9.png]
[preview.colorlib.com/theme/beko/img/post/post_10.png]
[preview.colorlib.com/theme/beko/blog.html]
[preview.colorlib.com/theme/beko/img/post/preview.png]
[preview.colorlib.com/theme/beko/img/post/next.png]
[preview.colorlib.com/theme/beko/img/blog/author.png]
[preview.colorlib.com/theme/beko/img/comment/comment_1.png]
[preview.colorlib.com/theme/beko/img/comment/comment_2.png]
[preview.colorlib.com/theme/beko/img/comment/comment_3.png]
[preview.colorlib.com/theme/beko/single-blog.html]
[preview.colorlib.com/theme/beko/css/nice-select.css]
[preview.colorlib.com/theme/beko/img/elements/d.jpg]
[preview.colorlib.com/theme/beko/img/elements/f1.jpg]
[preview.colorlib.com/theme/beko/img/elements/f2.jpg]
[preview.colorlib.com/theme/beko/img/elements/f3.jpg]
[preview.colorlib.com/theme/beko/img/elements/f4.jpg]
[preview.colorlib.com/theme/beko/img/elements/f5.jpg]
[preview.colorlib.com/theme/beko/img/elements/f6.jpg]
[preview.colorlib.com/theme/beko/img/elements/f7.jpg]
[preview.colorlib.com/theme/beko/img/elements/f8.jpg]
[preview.colorlib.com/theme/beko/img/elements/g1.jpg]
[preview.colorlib.com/theme/beko/img/elements/g2.jpg]
[preview.colorlib.com/theme/beko/img/elements/g3.jpg]
[preview.colorlib.com/theme/beko/img/elements/g4.jpg]
[preview.colorlib.com/theme/beko/img/elements/g5.jpg]
[preview.colorlib.com/theme/beko/img/elements/g6.jpg]
[preview.colorlib.com/theme/beko/img/elements/g7.jpg]
[preview.colorlib.com/theme/beko/img/elements/g8.jpg]
[preview.colorlib.com/theme/beko/elements.html]
[preview.colorlib.com/theme/beko/contact.html]
[preview.colorlib.com/theme/beko/css/owl.video.play.html]
[preview.colorlib.com/theme/beko/webfonts/fa-brands-400.svg]
[preview.colorlib.com/theme/beko/webfonts/fa-regular-400.svg]
[preview.colorlib.com/theme/beko/webfonts/fa-solid-900.svg]
[preview.colorlib.com/theme/beko/fonts/Flaticon.html]
[preview.colorlib.com/theme/beko/css/Flaticon.html]
[preview.colorlib.com/theme/beko/fonts/themify9f24.svg]
[preview.colorlib.com/theme/beko/css/nice-select.css]
